// Jest Snapshot v1, https://goo.gl/fbAQLP

exports[`<Deck /> should match snapshot 1`] = `
<div>
  <div
    class="mdc-card mdc-card--outlined"
  >
    <div
      class="mdc-card__primary-action pa2"
    >
      <a
        class="link c-on-surface"
        href="/d/undefined"
      >
        <h3
          class="mdc-typography--headline6"
        >
          日本語げんき
        </h3>
        <p
          class="mdc-typography--body2"
        />
      </a>
    </div>
  </div>
</div>
`;
